
Loading weights:   0%|          | 0/199 [00:00<?, ?it/s]
Loading weights: 100%|██████████| 199/199 [00:00<00:00, 3710.68it/s]
{"seed": 42, "epoch": 1, "step": 100, "mean_ce": 5.929575719833374, "mean_kl": 0.0554883654974401, "query_presentations": 3200, "seconds": 7.8}
{"seed": 42, "epoch": 1, "step": 200, "mean_ce": 5.65996994972229, "mean_kl": 0.09976302781142295, "query_presentations": 6400, "seconds": 15.3}
{"seed": 42, "epoch": 1, "step": 300, "mean_ce": 5.427922896544138, "mean_kl": 0.14194236244385441, "query_presentations": 9600, "seconds": 23.4}
{"seed": 42, "epoch": 1, "step": 400, "mean_ce": 5.275189200937748, "mean_kl": 0.1756075981305912, "query_presentations": 12800, "seconds": 31.1}
{"seed": 42, "epoch": 1, "step": 500, "mean_ce": 5.172017890691757, "mean_kl": 0.2015874094553292, "query_presentations": 16000, "seconds": 38.9}
{"seed": 42, "epoch": 1, "step": 600, "mean_ce": 5.0806006860733035, "mean_kl": 0.222150783703352, "query_presentations": 19200, "seconds": 46.7}
{"seed": 42, "epoch": 1, "step": 700, "mean_ce": 5.017753041642052, "mean_kl": 0.2367906588236136, "query_presentations": 22400, "seconds": 54.5}
{"seed": 42, "epoch": 1, "step": 800, "mean_ce": 4.9681947541236875, "mean_kl": 0.24923803170444445, "query_presentations": 25600, "seconds": 62.3}
{"seed": 42, "epoch": 1, "step": 900, "mean_ce": 4.923758199082481, "mean_kl": 0.2591362724473907, "query_presentations": 28800, "seconds": 70.1}
{"seed": 42, "epoch": 1, "step": 1000, "mean_ce": 4.887005898118019, "mean_kl": 0.26784397127665577, "query_presentations": 32000, "seconds": 77.9}
{"seed": 42, "epoch": 1, "step": 1100, "mean_ce": 4.856957288655368, "mean_kl": 0.2746506032703275, "query_presentations": 35200, "seconds": 85.8}
{"seed": 42, "epoch": 1, "step": 1200, "mean_ce": 4.827440810799598, "mean_kl": 0.28089517406653614, "query_presentations": 38400, "seconds": 93.7}
{"seed": 42, "epoch": 1, "step": 1300, "mean_ce": 4.803677016771757, "mean_kl": 0.2865746342634352, "query_presentations": 41600, "seconds": 101.6}
{"seed": 42, "epoch": 1, "step": 1400, "mean_ce": 4.777891364693642, "mean_kl": 0.29131374252294856, "query_presentations": 44800, "seconds": 109.4}
{"seed": 42, "epoch": 1, "step": 1500, "mean_ce": 4.761187507152558, "mean_kl": 0.2955012328190108, "query_presentations": 48000, "seconds": 117.5}
{"seed": 42, "epoch": 1, "step": 1571, "mean_ce": 4.750548902673613, "mean_kl": 0.29822512199419854, "query_presentations": 50257, "seconds": 123.1}

Writing model shards:   0%|          | 0/1 [00:00<?, ?it/s]
Writing model shards: 100%|██████████| 1/1 [00:00<00:00, 11.62it/s]
{"seed": 42, "epoch": 2, "step": 1600, "mean_ce": 4.404758798665013, "mean_kl": 0.3599848207728616, "query_presentations": 51185, "seconds": 125.6}
{"seed": 42, "epoch": 2, "step": 1700, "mean_ce": 4.465037709982821, "mean_kl": 0.3597074055163435, "query_presentations": 54385, "seconds": 133.3}
{"seed": 42, "epoch": 2, "step": 1800, "mean_ce": 4.453747693628203, "mean_kl": 0.35980676693687275, "query_presentations": 57585, "seconds": 140.9}
{"seed": 42, "epoch": 2, "step": 1900, "mean_ce": 4.425911621844515, "mean_kl": 0.36064079974560026, "query_presentations": 60785, "seconds": 148.6}
{"seed": 42, "epoch": 2, "step": 2000, "mean_ce": 4.414099486835631, "mean_kl": 0.36422531035813416, "query_presentations": 63985, "seconds": 156.3}
{"seed": 42, "epoch": 2, "step": 2100, "mean_ce": 4.412557673138797, "mean_kl": 0.3640064052350129, "query_presentations": 67185, "seconds": 164.0}
{"seed": 42, "epoch": 2, "step": 2200, "mean_ce": 4.416926621064094, "mean_kl": 0.36499944210810575, "query_presentations": 70385, "seconds": 171.7}
{"seed": 42, "epoch": 2, "step": 2300, "mean_ce": 4.41786516007082, "mean_kl": 0.36488835268305164, "query_presentations": 73585, "seconds": 179.4}
{"seed": 42, "epoch": 2, "step": 2400, "mean_ce": 4.417980419424676, "mean_kl": 0.3653211131494209, "query_presentations": 76785, "seconds": 187.1}
{"seed": 42, "epoch": 2, "step": 2500, "mean_ce": 4.415469819685871, "mean_kl": 0.3655294342401595, "query_presentations": 79985, "seconds": 194.9}
{"seed": 42, "epoch": 2, "step": 2600, "mean_ce": 4.415285754597686, "mean_kl": 0.3661166983425791, "query_presentations": 83185, "seconds": 202.6}
{"seed": 42, "epoch": 2, "step": 2700, "mean_ce": 4.413924850437681, "mean_kl": 0.36661543259586876, "query_presentations": 86385, "seconds": 210.3}
{"seed": 42, "epoch": 2, "step": 2800, "mean_ce": 4.410534426485066, "mean_kl": 0.36720278905212056, "query_presentations": 89585, "seconds": 218.0}
{"seed": 42, "epoch": 2, "step": 2900, "mean_ce": 4.404738379385885, "mean_kl": 0.36740826521043585, "query_presentations": 92785, "seconds": 225.6}
{"seed": 42, "epoch": 2, "step": 3000, "mean_ce": 4.406364518917049, "mean_kl": 0.3676125636419439, "query_presentations": 95985, "seconds": 233.3}
{"seed": 42, "epoch": 2, "step": 3100, "mean_ce": 4.4056281538240425, "mean_kl": 0.3679926187150848, "query_presentations": 99185, "seconds": 241.0}
{"seed": 42, "epoch": 2, "step": 3142, "mean_ce": 4.40670995981549, "mean_kl": 0.36803518606218516, "query_presentations": 100514, "seconds": 244.2}

Writing model shards:   0%|          | 0/1 [00:00<?, ?it/s]
Writing model shards: 100%|██████████| 1/1 [00:00<00:00, 11.85it/s]

Loading weights:   0%|          | 0/199 [00:00<?, ?it/s]
Loading weights: 100%|██████████| 199/199 [00:00<00:00, 4621.78it/s]
{"seed": 123, "epoch": 1, "step": 100, "mean_ce": 6.021967341899872, "mean_kl": 0.05561749529093504, "query_presentations": 3200, "seconds": 8.4}
{"seed": 123, "epoch": 1, "step": 200, "mean_ce": 5.714278284311295, "mean_kl": 0.10095064517110586, "query_presentations": 6400, "seconds": 16.3}
{"seed": 123, "epoch": 1, "step": 300, "mean_ce": 5.454889838298162, "mean_kl": 0.1437057520945867, "query_presentations": 9600, "seconds": 24.4}
{"seed": 123, "epoch": 1, "step": 400, "mean_ce": 5.2930363750457765, "mean_kl": 0.1759591830521822, "query_presentations": 12800, "seconds": 32.3}
{"seed": 123, "epoch": 1, "step": 500, "mean_ce": 5.181607656717301, "mean_kl": 0.2013599143177271, "query_presentations": 16000, "seconds": 40.3}
{"seed": 123, "epoch": 1, "step": 600, "mean_ce": 5.092627848386765, "mean_kl": 0.22029819137106338, "query_presentations": 19200, "seconds": 48.2}
{"seed": 123, "epoch": 1, "step": 700, "mean_ce": 5.026144465208054, "mean_kl": 0.23566131077706814, "query_presentations": 22400, "seconds": 56.1}
{"seed": 123, "epoch": 1, "step": 800, "mean_ce": 4.970721609294414, "mean_kl": 0.2473756577540189, "query_presentations": 25600, "seconds": 64.0}
{"seed": 123, "epoch": 1, "step": 900, "mean_ce": 4.92694020681911, "mean_kl": 0.25753397856321597, "query_presentations": 28800, "seconds": 72.0}
{"seed": 123, "epoch": 1, "step": 1000, "mean_ce": 4.888495107173919, "mean_kl": 0.26604766435176136, "query_presentations": 32000, "seconds": 79.9}
{"seed": 123, "epoch": 1, "step": 1100, "mean_ce": 4.857315049171448, "mean_kl": 0.2732729982584715, "query_presentations": 35200, "seconds": 87.8}
{"seed": 123, "epoch": 1, "step": 1200, "mean_ce": 4.8296647458275155, "mean_kl": 0.27990887241438034, "query_presentations": 38400, "seconds": 95.8}
{"seed": 123, "epoch": 1, "step": 1300, "mean_ce": 4.804498817828986, "mean_kl": 0.2857127000334171, "query_presentations": 41600, "seconds": 103.6}
{"seed": 123, "epoch": 1, "step": 1400, "mean_ce": 4.781361156361443, "mean_kl": 0.29066093627363443, "query_presentations": 44800, "seconds": 111.6}
{"seed": 123, "epoch": 1, "step": 1500, "mean_ce": 4.763401555538177, "mean_kl": 0.29480911149084565, "query_presentations": 48000, "seconds": 119.7}
{"seed": 123, "epoch": 1, "step": 1571, "mean_ce": 4.750562616459807, "mean_kl": 0.29773889893947697, "query_presentations": 50257, "seconds": 125.4}

Writing model shards:   0%|          | 0/1 [00:00<?, ?it/s]
Writing model shards: 100%|██████████| 1/1 [00:00<00:00, 13.45it/s]
{"seed": 123, "epoch": 2, "step": 1600, "mean_ce": 4.324544935390867, "mean_kl": 0.35677511270703943, "query_presentations": 51185, "seconds": 128.0}
{"seed": 123, "epoch": 2, "step": 1700, "mean_ce": 4.3542884495831276, "mean_kl": 0.361284798314405, "query_presentations": 54385, "seconds": 136.0}
{"seed": 123, "epoch": 2, "step": 1800, "mean_ce": 4.388929998510269, "mean_kl": 0.36244850543909196, "query_presentations": 57585, "seconds": 144.1}
{"seed": 123, "epoch": 2, "step": 1900, "mean_ce": 4.38321331496659, "mean_kl": 0.3627041655742651, "query_presentations": 60785, "seconds": 152.1}
{"seed": 123, "epoch": 2, "step": 2000, "mean_ce": 4.389155130842071, "mean_kl": 0.36403693963875583, "query_presentations": 63985, "seconds": 160.1}
{"seed": 123, "epoch": 2, "step": 2100, "mean_ce": 4.397083896319672, "mean_kl": 0.3646330694000752, "query_presentations": 67185, "seconds": 167.9}
{"seed": 123, "epoch": 2, "step": 2200, "mean_ce": 4.398314142833643, "mean_kl": 0.36496956523253166, "query_presentations": 70385, "seconds": 175.7}
{"seed": 123, "epoch": 2, "step": 2300, "mean_ce": 4.400532928677416, "mean_kl": 0.3647937984582655, "query_presentations": 73585, "seconds": 183.5}
{"seed": 123, "epoch": 2, "step": 2400, "mean_ce": 4.4056935254282195, "mean_kl": 0.36482884516474423, "query_presentations": 76785, "seconds": 191.4}
{"seed": 123, "epoch": 2, "step": 2500, "mean_ce": 4.406235835395665, "mean_kl": 0.3657528194403366, "query_presentations": 79985, "seconds": 199.2}
{"seed": 123, "epoch": 2, "step": 2600, "mean_ce": 4.407016002865412, "mean_kl": 0.3658395799997365, "query_presentations": 83185, "seconds": 207.0}
{"seed": 123, "epoch": 2, "step": 2700, "mean_ce": 4.405030866974323, "mean_kl": 0.3664366210372813, "query_presentations": 86385, "seconds": 214.9}
{"seed": 123, "epoch": 2, "step": 2800, "mean_ce": 4.402293223884651, "mean_kl": 0.36661520653667246, "query_presentations": 89585, "seconds": 222.7}
{"seed": 123, "epoch": 2, "step": 2900, "mean_ce": 4.405283356179322, "mean_kl": 0.3669231901319517, "query_presentations": 92785, "seconds": 230.5}
{"seed": 123, "epoch": 2, "step": 3000, "mean_ce": 4.406116631249601, "mean_kl": 0.36719955886636607, "query_presentations": 95985, "seconds": 238.3}
{"seed": 123, "epoch": 2, "step": 3100, "mean_ce": 4.406373133606346, "mean_kl": 0.36725426446268805, "query_presentations": 99185, "seconds": 246.0}
{"seed": 123, "epoch": 2, "step": 3142, "mean_ce": 4.406423516579675, "mean_kl": 0.3673884784504998, "query_presentations": 100514, "seconds": 249.2}

Writing model shards:   0%|          | 0/1 [00:00<?, ?it/s]
Writing model shards: 100%|██████████| 1/1 [00:00<00:00, 12.24it/s]
