Loading weights:   0%|          | 0/199 [00:00<?, ?it/s]Loading weights: 100%|██████████| 199/199 [00:00<00:00, 3897.00it/s]
Loading weights:   0%|          | 0/199 [00:00<?, ?it/s]Loading weights: 100%|██████████| 199/199 [00:00<00:00, 4048.22it/s]
Loading weights:   0%|          | 0/105 [00:00<?, ?it/s]Loading weights: 100%|██████████| 105/105 [00:00<00:00, 2793.42it/s]
{
  "question": "How are term life and whole life insurance different?",
  "corpus": "fiqa",
  "corpus_size": 57638,
  "candidate_count": 135,
  "query_configuration": {
    "name": "seed_42_epoch_2_a50",
    "model": "seed_42_epoch_2",
    "seed": 42,
    "epoch": 2,
    "alpha": 0.5
  },
  "ranking_configuration": {
    "pool": "union200",
    "lexical_weight": 0.2,
    "cross_weight": 0.5
  },
  "query_encoder_passes": 2,
  "document_encoder": "unchanged BGE-small-en-v1.5",
  "reranker_changed_this_iteration": false,
  "selection_lock_sha256": "431317429ff2eaabe0891902628aa71b78f703395e5efc031963b5cdd05227dd",
  "selected_query_weights_sha256": "e067a9a14428aabb32dbd2f0e84a7af31bcb8290ffc6fe422faed906d4d5b857",
  "generation_calls": 0,
  "research_retrieval_only": true,
  "answers_expert_adjudicated": false,
  "seconds_including_loading": 8.946124400012195,
  "results": [
    {
      "rank": 1,
      "answer_id": "fiqa_a_323498",
      "text": "Term life insurance is just that - life insurance that pays out if you die, just like car insurance pays out if you have an accident. Like car insurance, it's easy to compare amongst term life insurance policies - you can even compare quotes online.  Whole life insurance is life insurance plus an investment component. The money that you pay goes to pay for your life insurance and it also is invested by the insurance company. Insurance companies love whole life because it is not a commodity; they can come up with a large variety of variants, and that fact plus the fact that it combines insurance and investment means that is very difficult to compare policies. Not to mention that fact that none of the companies - as far as I can tell - publish their whole life insurance rates, so it is very difficult to shop around.",
      "domain": "finance",
      "source_group": "fiqa_document:323498",
      "upstream_document_id": "323498"
    },
    {
      "rank": 2,
      "answer_id": "fiqa_a_109675",
      "text": "Whole life in most instances is a very bad plan. It's marketed as a life insurance policy wrapped in an investment but it does neither very well. The hidden caveat of whole life is that the investment goes away if you die.  Say for example I have a $100,000 whole life insurance policy and over the years I have paid in enough to have a $15,000 cash value on the policy. If I die, my family gets $100,000 and the cash value is lost. With term life you can get a substantially higher amount of coverage for a smaller payment. If you invest the difference you end up not only with better coverage, but a better cash value from the difference if you don't die (which is what we all hope for anyways). As JackiYo said, your insurance should be designed around replacing lost income/value.  You should get 10x your annual income in term life insurance.",
      "domain": "finance",
      "source_group": "fiqa_document:109675",
      "upstream_document_id": "109675"
    },
    {
      "rank": 3,
      "answer_id": "fiqa_a_211839",
      "text": "\"Whole life is life insurance that lasts your whole life.  Seriously. Since the insurance company must make a profit, and since they know they will always pay out on a whole life policy, whole life tends to be very expensive, and has lower \"\"death\"\" benefits than a term policy. Some of these policies are \"\"paid-up\"\" policies, meaning that they are structured so that you don't have to pay premiums forever.  But what it amounts to is that the insurance company invests your premiums, and then pays you a smaller \"\"dividend,\"\" much like banks do with savings accounts. Unless you are especially risk-averse, it is almost always a better decision to get an inexpensive term policy, and invest the money you save yourself, rather than letting the insurance company invest it for you and reap most of the benefits. If you are doing things properly, you won't need life insurance your whole life, as retirement investments will eventually replace your working income.\"",
      "domain": "finance",
      "source_group": "fiqa_document:211839",
      "upstream_document_id": "211839"
    }
  ]
}

