{"registered": "610d77f635853385c52e0bfcf0e3c216bb61b0a3fa5aa46b4e74a27fbc4aeeac"}

Loading weights:   0%|          | 0/199 [00:00<?, ?it/s]
Loading weights: 100%|██████████| 199/199 [00:00<00:00, 3828.68it/s]

Loading weights:   0%|          | 0/199 [00:00<?, ?it/s]
Loading weights: 100%|██████████| 199/199 [00:00<00:00, 3526.52it/s]
{"prepared_candidates": "valid", "finqa_questions": 496}

Loading weights:   0%|          | 0/105 [00:00<?, ?it/s]
Loading weights: 100%|██████████| 105/105 [00:00<00:00, 2852.49it/s]
{"scoring": "previous", "split": "valid", "cohort": "insuranceqa", "questions": 400, "total": 2000, "seconds": 0.6}
{"scoring": "previous", "split": "valid", "cohort": "insuranceqa", "questions": 800, "total": 2000, "seconds": 0.6}
{"scoring": "previous", "split": "valid", "cohort": "insuranceqa", "questions": 1200, "total": 2000, "seconds": 0.7}
{"scoring": "previous", "split": "valid", "cohort": "insuranceqa", "questions": 1600, "total": 2000, "seconds": 0.7}
{"scoring": "previous", "split": "valid", "cohort": "insuranceqa", "questions": 2000, "total": 2000, "seconds": 0.7}
{"scoring": "previous", "split": "valid", "cohort": "multidomain", "questions": 400, "total": 527, "seconds": 1.3}
{"scoring": "previous", "split": "valid", "cohort": "multidomain", "questions": 527, "total": 527, "seconds": 1.3}
{"scoring": "previous", "split": "valid", "cohort": "fiqa", "questions": 400, "total": 500, "seconds": 1.7}
{"scoring": "previous", "split": "valid", "cohort": "fiqa", "questions": 500, "total": 500, "seconds": 1.7}
{"scoring": "previous", "split": "valid", "cohort": "finqa", "questions": 400, "total": 496, "seconds": 9.7}
{"scoring": "previous", "split": "valid", "cohort": "finqa", "questions": 496, "total": 496, "seconds": 11.6}

Loading weights:   0%|          | 0/105 [00:00<?, ?it/s]
Loading weights: 100%|██████████| 105/105 [00:00<00:00, 4019.40it/s]
{"seed": 42, "epoch": 1, "step": 200, "mean_rank_loss": 1.2600816641375423, "mean_kl": 0.17441582058090715, "pair_presentations": 38400, "query_presentations": 6400, "seconds": 131.6}
{"seed": 42, "epoch": 1, "step": 400, "mean_rank_loss": 1.201547465696931, "mean_kl": 0.19881503012264148, "pair_presentations": 76800, "query_presentations": 12800, "seconds": 262.7}
{"seed": 42, "epoch": 1, "step": 600, "mean_rank_loss": 1.1645879110818107, "mean_kl": 0.21332609545594702, "pair_presentations": 115200, "query_presentations": 19200, "seconds": 393.1}
{"seed": 42, "epoch": 1, "step": 800, "mean_rank_loss": 1.149324661763385, "mean_kl": 0.22514228414162063, "pair_presentations": 153600, "query_presentations": 25600, "seconds": 524.2}
{"seed": 42, "epoch": 1, "step": 1000, "mean_rank_loss": 1.1371435307487845, "mean_kl": 0.23506398965697736, "pair_presentations": 192000, "query_presentations": 32000, "seconds": 655.7}
{"seed": 42, "epoch": 1, "step": 1200, "mean_rank_loss": 1.1204585788181674, "mean_kl": 0.2387320701087204, "pair_presentations": 230400, "query_presentations": 38400, "seconds": 785.7}
{"seed": 42, "epoch": 1, "step": 1400, "mean_rank_loss": 1.112851198124034, "mean_kl": 0.24268471879951123, "pair_presentations": 268800, "query_presentations": 44800, "seconds": 915.1}
{"seed": 42, "epoch": 1, "step": 1595, "mean_rank_loss": 1.104220680536426, "mean_kl": 0.24747185957822473, "pair_presentations": 306108, "query_presentations": 51018, "seconds": 1039.4}

Writing model shards:   0%|          | 0/1 [00:00<?, ?it/s]
Writing model shards: 100%|██████████| 1/1 [00:00<00:00, 15.12it/s]
{"seed": 42, "epoch": 2, "step": 1600, "mean_rank_loss": 0.9378949716687203, "mean_kl": 0.25628414265811444, "pair_presentations": 307068, "query_presentations": 51178, "seconds": 1042.8}
{"seed": 42, "epoch": 2, "step": 1800, "mean_rank_loss": 1.0239233284280067, "mean_kl": 0.26091308486534326, "pair_presentations": 345468, "query_presentations": 57578, "seconds": 1174.9}
{"seed": 42, "epoch": 2, "step": 2000, "mean_rank_loss": 1.0247794913564936, "mean_kl": 0.26366844179545657, "pair_presentations": 383868, "query_presentations": 63978, "seconds": 1305.5}
{"seed": 42, "epoch": 2, "step": 2200, "mean_rank_loss": 1.0220365264937898, "mean_kl": 0.26416785448543295, "pair_presentations": 422268, "query_presentations": 70378, "seconds": 1436.2}
{"seed": 42, "epoch": 2, "step": 2400, "mean_rank_loss": 1.0200086533745623, "mean_kl": 0.26669952324851887, "pair_presentations": 460668, "query_presentations": 76778, "seconds": 1566.6}
{"seed": 42, "epoch": 2, "step": 2600, "mean_rank_loss": 1.02286433527867, "mean_kl": 0.2689008798552167, "pair_presentations": 499068, "query_presentations": 83178, "seconds": 1696.6}
{"seed": 42, "epoch": 2, "step": 2800, "mean_rank_loss": 1.0244718822082544, "mean_kl": 0.27141629809985146, "pair_presentations": 537468, "query_presentations": 89578, "seconds": 1827.3}
{"seed": 42, "epoch": 2, "step": 3000, "mean_rank_loss": 1.0237440905934763, "mean_kl": 0.2721457867654458, "pair_presentations": 575868, "query_presentations": 95978, "seconds": 1949.0}
{"seed": 42, "epoch": 2, "step": 3190, "mean_rank_loss": 1.0253601995124415, "mean_kl": 0.27340062747355787, "pair_presentations": 612216, "query_presentations": 102036, "seconds": 2066.3}

Writing model shards:   0%|          | 0/1 [00:00<?, ?it/s]
Writing model shards: 100%|██████████| 1/1 [00:00<00:00, 16.39it/s]

Loading weights:   0%|          | 0/105 [00:00<?, ?it/s]
Loading weights: 100%|██████████| 105/105 [00:00<00:00, 3232.83it/s]
{"scoring": "seed_42_epoch_1", "split": "valid", "cohort": "insuranceqa", "questions": 400, "total": 2000, "seconds": 23.2}
{"scoring": "seed_42_epoch_1", "split": "valid", "cohort": "insuranceqa", "questions": 800, "total": 2000, "seconds": 45.8}
{"scoring": "seed_42_epoch_1", "split": "valid", "cohort": "insuranceqa", "questions": 1200, "total": 2000, "seconds": 68.1}
{"scoring": "seed_42_epoch_1", "split": "valid", "cohort": "insuranceqa", "questions": 1600, "total": 2000, "seconds": 90.0}
{"scoring": "seed_42_epoch_1", "split": "valid", "cohort": "insuranceqa", "questions": 2000, "total": 2000, "seconds": 112.6}
{"scoring": "seed_42_epoch_1", "split": "valid", "cohort": "multidomain", "questions": 400, "total": 527, "seconds": 144.9}
{"scoring": "seed_42_epoch_1", "split": "valid", "cohort": "multidomain", "questions": 527, "total": 527, "seconds": 154.6}
{"scoring": "seed_42_epoch_1", "split": "valid", "cohort": "fiqa", "questions": 400, "total": 500, "seconds": 204.4}
{"scoring": "seed_42_epoch_1", "split": "valid", "cohort": "fiqa", "questions": 500, "total": 500, "seconds": 216.5}
{"scoring": "seed_42_epoch_1", "split": "valid", "cohort": "finqa", "questions": 400, "total": 496, "seconds": 224.7}
{"scoring": "seed_42_epoch_1", "split": "valid", "cohort": "finqa", "questions": 496, "total": 496, "seconds": 226.7}

Loading weights:   0%|          | 0/105 [00:00<?, ?it/s]
Loading weights: 100%|██████████| 105/105 [00:00<00:00, 2830.95it/s]
{"scoring": "seed_42_epoch_2", "split": "valid", "cohort": "insuranceqa", "questions": 400, "total": 2000, "seconds": 23.3}
{"scoring": "seed_42_epoch_2", "split": "valid", "cohort": "insuranceqa", "questions": 800, "total": 2000, "seconds": 46.3}
{"scoring": "seed_42_epoch_2", "split": "valid", "cohort": "insuranceqa", "questions": 1200, "total": 2000, "seconds": 69.0}
{"scoring": "seed_42_epoch_2", "split": "valid", "cohort": "insuranceqa", "questions": 1600, "total": 2000, "seconds": 91.5}
{"scoring": "seed_42_epoch_2", "split": "valid", "cohort": "insuranceqa", "questions": 2000, "total": 2000, "seconds": 114.3}
{"scoring": "seed_42_epoch_2", "split": "valid", "cohort": "multidomain", "questions": 400, "total": 527, "seconds": 147.0}
{"scoring": "seed_42_epoch_2", "split": "valid", "cohort": "multidomain", "questions": 527, "total": 527, "seconds": 156.8}
{"scoring": "seed_42_epoch_2", "split": "valid", "cohort": "fiqa", "questions": 400, "total": 500, "seconds": 205.1}
{"scoring": "seed_42_epoch_2", "split": "valid", "cohort": "fiqa", "questions": 500, "total": 500, "seconds": 216.8}
{"scoring": "seed_42_epoch_2", "split": "valid", "cohort": "finqa", "questions": 400, "total": 496, "seconds": 224.4}
{"scoring": "seed_42_epoch_2", "split": "valid", "cohort": "finqa", "questions": 496, "total": 496, "seconds": 226.3}

Loading weights:   0%|          | 0/105 [00:00<?, ?it/s]
Loading weights: 100%|██████████| 105/105 [00:00<00:00, 4175.26it/s]
{"seed": 123, "epoch": 1, "step": 200, "mean_rank_loss": 1.2450423908606172, "mean_kl": 0.1718917576596141, "pair_presentations": 38400, "query_presentations": 6400, "seconds": 124.9}
{"seed": 123, "epoch": 1, "step": 400, "mean_rank_loss": 1.1873163589462639, "mean_kl": 0.195827302262187, "pair_presentations": 76800, "query_presentations": 12800, "seconds": 249.4}
{"seed": 123, "epoch": 1, "step": 600, "mean_rank_loss": 1.1592910972237587, "mean_kl": 0.213429632463182, "pair_presentations": 115200, "query_presentations": 19200, "seconds": 424.4}
{"seed": 123, "epoch": 1, "step": 800, "mean_rank_loss": 1.13726323091425, "mean_kl": 0.22413865915499628, "pair_presentations": 153600, "query_presentations": 25600, "seconds": 589.4}
{"seed": 123, "epoch": 1, "step": 1000, "mean_rank_loss": 1.1239078843444585, "mean_kl": 0.23171186963282525, "pair_presentations": 192000, "query_presentations": 32000, "seconds": 760.0}
{"seed": 123, "epoch": 1, "step": 1200, "mean_rank_loss": 1.1172366396151483, "mean_kl": 0.23836045270785688, "pair_presentations": 230400, "query_presentations": 38400, "seconds": 929.2}
{"seed": 123, "epoch": 1, "step": 1400, "mean_rank_loss": 1.1085005955504519, "mean_kl": 0.24388955312914082, "pair_presentations": 268800, "query_presentations": 44800, "seconds": 1094.8}
{"seed": 123, "epoch": 1, "step": 1595, "mean_rank_loss": 1.1026435648662696, "mean_kl": 0.24740223823024468, "pair_presentations": 306108, "query_presentations": 51018, "seconds": 1237.4}

Writing model shards:   0%|          | 0/1 [00:00<?, ?it/s]
Writing model shards: 100%|██████████| 1/1 [00:00<00:00,  9.11it/s]
Writing model shards: 100%|██████████| 1/1 [00:00<00:00,  9.11it/s]
{"seed": 123, "epoch": 2, "step": 1600, "mean_rank_loss": 1.255394321680069, "mean_kl": 0.294893554598093, "pair_presentations": 307068, "query_presentations": 51178, "seconds": 1240.7}
{"seed": 123, "epoch": 2, "step": 1800, "mean_rank_loss": 1.0230939187291193, "mean_kl": 0.274304197492396, "pair_presentations": 345468, "query_presentations": 57578, "seconds": 1368.5}
{"seed": 123, "epoch": 2, "step": 2000, "mean_rank_loss": 1.0229963213389301, "mean_kl": 0.26886302135700796, "pair_presentations": 383868, "query_presentations": 63978, "seconds": 1496.7}
{"seed": 123, "epoch": 2, "step": 2200, "mean_rank_loss": 1.023062409977775, "mean_kl": 0.27012775603774164, "pair_presentations": 422268, "query_presentations": 70378, "seconds": 1624.0}
{"seed": 123, "epoch": 2, "step": 2400, "mean_rank_loss": 1.0307012199939038, "mean_kl": 0.27245737296870404, "pair_presentations": 460668, "query_presentations": 76778, "seconds": 1751.3}
{"seed": 123, "epoch": 2, "step": 2600, "mean_rank_loss": 1.0287520902147933, "mean_kl": 0.27204979323499384, "pair_presentations": 499068, "query_presentations": 83178, "seconds": 1879.2}
{"seed": 123, "epoch": 2, "step": 2800, "mean_rank_loss": 1.0262518999858516, "mean_kl": 0.27362386026956853, "pair_presentations": 537468, "query_presentations": 89578, "seconds": 2006.0}
{"seed": 123, "epoch": 2, "step": 3000, "mean_rank_loss": 1.025988058053832, "mean_kl": 0.27390318976191547, "pair_presentations": 575868, "query_presentations": 95978, "seconds": 2132.4}
{"seed": 123, "epoch": 2, "step": 3190, "mean_rank_loss": 1.0246255229911032, "mean_kl": 0.27429206715478693, "pair_presentations": 612216, "query_presentations": 102036, "seconds": 2252.6}

Writing model shards:   0%|          | 0/1 [00:00<?, ?it/s]
Writing model shards: 100%|██████████| 1/1 [00:00<00:00, 17.85it/s]

Loading weights:   0%|          | 0/105 [00:00<?, ?it/s]
Loading weights: 100%|██████████| 105/105 [00:00<00:00, 2973.58it/s]
{"scoring": "seed_123_epoch_1", "split": "valid", "cohort": "insuranceqa", "questions": 400, "total": 2000, "seconds": 23.4}
{"scoring": "seed_123_epoch_1", "split": "valid", "cohort": "insuranceqa", "questions": 800, "total": 2000, "seconds": 46.3}
{"scoring": "seed_123_epoch_1", "split": "valid", "cohort": "insuranceqa", "questions": 1200, "total": 2000, "seconds": 69.0}
{"scoring": "seed_123_epoch_1", "split": "valid", "cohort": "insuranceqa", "questions": 1600, "total": 2000, "seconds": 91.9}
{"scoring": "seed_123_epoch_1", "split": "valid", "cohort": "insuranceqa", "questions": 2000, "total": 2000, "seconds": 115.0}
{"scoring": "seed_123_epoch_1", "split": "valid", "cohort": "multidomain", "questions": 400, "total": 527, "seconds": 148.4}
{"scoring": "seed_123_epoch_1", "split": "valid", "cohort": "multidomain", "questions": 527, "total": 527, "seconds": 158.5}
{"scoring": "seed_123_epoch_1", "split": "valid", "cohort": "fiqa", "questions": 400, "total": 500, "seconds": 208.0}
{"scoring": "seed_123_epoch_1", "split": "valid", "cohort": "fiqa", "questions": 500, "total": 500, "seconds": 219.9}
{"scoring": "seed_123_epoch_1", "split": "valid", "cohort": "finqa", "questions": 400, "total": 496, "seconds": 227.8}
{"scoring": "seed_123_epoch_1", "split": "valid", "cohort": "finqa", "questions": 496, "total": 496, "seconds": 229.8}

Loading weights:   0%|          | 0/105 [00:00<?, ?it/s]
Loading weights: 100%|██████████| 105/105 [00:00<00:00, 3129.54it/s]
{"scoring": "seed_123_epoch_2", "split": "valid", "cohort": "insuranceqa", "questions": 400, "total": 2000, "seconds": 23.7}
{"scoring": "seed_123_epoch_2", "split": "valid", "cohort": "insuranceqa", "questions": 800, "total": 2000, "seconds": 46.9}
{"scoring": "seed_123_epoch_2", "split": "valid", "cohort": "insuranceqa", "questions": 1200, "total": 2000, "seconds": 69.9}
{"scoring": "seed_123_epoch_2", "split": "valid", "cohort": "insuranceqa", "questions": 1600, "total": 2000, "seconds": 92.9}
{"scoring": "seed_123_epoch_2", "split": "valid", "cohort": "insuranceqa", "questions": 2000, "total": 2000, "seconds": 116.0}
{"scoring": "seed_123_epoch_2", "split": "valid", "cohort": "multidomain", "questions": 400, "total": 527, "seconds": 149.5}
{"scoring": "seed_123_epoch_2", "split": "valid", "cohort": "multidomain", "questions": 527, "total": 527, "seconds": 159.6}
{"scoring": "seed_123_epoch_2", "split": "valid", "cohort": "fiqa", "questions": 400, "total": 500, "seconds": 210.0}
{"scoring": "seed_123_epoch_2", "split": "valid", "cohort": "fiqa", "questions": 500, "total": 500, "seconds": 222.2}
{"scoring": "seed_123_epoch_2", "split": "valid", "cohort": "finqa", "questions": 400, "total": 496, "seconds": 230.1}
{"scoring": "seed_123_epoch_2", "split": "valid", "cohort": "finqa", "questions": 496, "total": 496, "seconds": 232.0}
{"selected": {"name": "seed_123_epoch_2_cw50", "model": "seed_123_epoch_2", "cross_weight": 0.5}, "training_promoted": true, "utility": 0.6349920906778139, "best_previous_utility": 0.6193136707447906}
{"evaluated": "valid", "selected": null}

Loading weights:   0%|          | 0/199 [00:00<?, ?it/s]
Loading weights: 100%|██████████| 199/199 [00:00<00:00, 4303.14it/s]

Loading weights:   0%|          | 0/199 [00:00<?, ?it/s]
Loading weights: 100%|██████████| 199/199 [00:00<00:00, 3085.49it/s]
{"prepared_candidates": "test", "finqa_questions": 1147}

Loading weights:   0%|          | 0/105 [00:00<?, ?it/s]
Loading weights: 100%|██████████| 105/105 [00:00<00:00, 2743.70it/s]
{"scoring": "previous", "split": "test", "cohort": "insuranceqa", "questions": 400, "total": 2000, "seconds": 0.6}
{"scoring": "previous", "split": "test", "cohort": "insuranceqa", "questions": 800, "total": 2000, "seconds": 0.6}
{"scoring": "previous", "split": "test", "cohort": "insuranceqa", "questions": 1200, "total": 2000, "seconds": 0.6}
{"scoring": "previous", "split": "test", "cohort": "insuranceqa", "questions": 1600, "total": 2000, "seconds": 0.6}
{"scoring": "previous", "split": "test", "cohort": "insuranceqa", "questions": 2000, "total": 2000, "seconds": 0.7}
{"scoring": "previous", "split": "test", "cohort": "multidomain", "questions": 400, "total": 681, "seconds": 1.6}
{"scoring": "previous", "split": "test", "cohort": "multidomain", "questions": 681, "total": 681, "seconds": 1.6}
{"scoring": "previous", "split": "test", "cohort": "fiqa", "questions": 400, "total": 648, "seconds": 2.1}
{"scoring": "previous", "split": "test", "cohort": "fiqa", "questions": 648, "total": 648, "seconds": 2.1}
{"scoring": "previous", "split": "test", "cohort": "historical_government", "questions": 400, "total": 416, "seconds": 2.3}
{"scoring": "previous", "split": "test", "cohort": "historical_government", "questions": 416, "total": 416, "seconds": 2.3}
{"scoring": "previous", "split": "test", "cohort": "condition_government", "questions": 157, "total": 157, "seconds": 2.7}
{"scoring": "previous", "split": "test", "cohort": "finqa", "questions": 400, "total": 1147, "seconds": 12.0}
{"scoring": "previous", "split": "test", "cohort": "finqa", "questions": 800, "total": 1147, "seconds": 20.5}
{"scoring": "previous", "split": "test", "cohort": "finqa", "questions": 1147, "total": 1147, "seconds": 27.8}

Loading weights:   0%|          | 0/105 [00:00<?, ?it/s]
Loading weights: 100%|██████████| 105/105 [00:00<00:00, 2982.22it/s]
{"scoring": "seed_123_epoch_2", "split": "test", "cohort": "insuranceqa", "questions": 400, "total": 2000, "seconds": 23.7}
{"scoring": "seed_123_epoch_2", "split": "test", "cohort": "insuranceqa", "questions": 800, "total": 2000, "seconds": 46.8}
{"scoring": "seed_123_epoch_2", "split": "test", "cohort": "insuranceqa", "questions": 1200, "total": 2000, "seconds": 69.6}
{"scoring": "seed_123_epoch_2", "split": "test", "cohort": "insuranceqa", "questions": 1600, "total": 2000, "seconds": 92.7}
{"scoring": "seed_123_epoch_2", "split": "test", "cohort": "insuranceqa", "questions": 2000, "total": 2000, "seconds": 115.5}
{"scoring": "seed_123_epoch_2", "split": "test", "cohort": "multidomain", "questions": 400, "total": 681, "seconds": 148.5}
{"scoring": "seed_123_epoch_2", "split": "test", "cohort": "multidomain", "questions": 681, "total": 681, "seconds": 170.9}
{"scoring": "seed_123_epoch_2", "split": "test", "cohort": "fiqa", "questions": 400, "total": 648, "seconds": 220.6}
{"scoring": "seed_123_epoch_2", "split": "test", "cohort": "fiqa", "questions": 648, "total": 648, "seconds": 249.9}
{"scoring": "seed_123_epoch_2", "split": "test", "cohort": "historical_government", "questions": 400, "total": 416, "seconds": 288.5}
{"scoring": "seed_123_epoch_2", "split": "test", "cohort": "historical_government", "questions": 416, "total": 416, "seconds": 290.2}
{"scoring": "seed_123_epoch_2", "split": "test", "cohort": "condition_government", "questions": 157, "total": 157, "seconds": 307.6}
{"scoring": "seed_123_epoch_2", "split": "test", "cohort": "finqa", "questions": 400, "total": 1147, "seconds": 317.1}
{"scoring": "seed_123_epoch_2", "split": "test", "cohort": "finqa", "questions": 800, "total": 1147, "seconds": 325.8}
{"scoring": "seed_123_epoch_2", "split": "test", "cohort": "finqa", "questions": 1147, "total": 1147, "seconds": 333.4}
{"evaluated": "test", "selected": {"name": "seed_123_epoch_2_cw50", "model": "seed_123_epoch_2", "cross_weight": 0.5}}
