{"encoded_documents": 192231, "encoded_training_queries": 33454, "seconds": 4.3}
{"retrieved_domain": "insuranceqa", "groups_so_far": 11629, "seconds": 54.7}
{"retrieved_domain": "government", "groups_so_far": 11888, "seconds": 58.9}
{"retrieved_domain": "general", "groups_so_far": 25887, "seconds": 159.7}
{"retrieved_domain": "finance", "groups_so_far": 31351, "seconds": 209.3}
{"retrieved_domain": "financial_report", "groups_so_far": 33426, "seconds": 210.2}

Loading weights:   0%|          | 0/105 [00:00<?, ?it/s]
Loading weights: 100%|██████████| 105/105 [00:00<00:00, 2797.46it/s]
{"scored_training_groups": 1024, "pairs_scored": 32856, "seconds": 225.2}
{"scored_training_groups": 2048, "pairs_scored": 65648, "seconds": 236.2}
{"scored_training_groups": 3072, "pairs_scored": 98371, "seconds": 247.1}
{"scored_training_groups": 4096, "pairs_scored": 131111, "seconds": 258.0}
{"scored_training_groups": 5120, "pairs_scored": 163656, "seconds": 268.7}
{"scored_training_groups": 6144, "pairs_scored": 196343, "seconds": 279.4}
{"scored_training_groups": 7168, "pairs_scored": 229051, "seconds": 290.2}
{"scored_training_groups": 8192, "pairs_scored": 261830, "seconds": 301.0}
{"scored_training_groups": 9216, "pairs_scored": 294740, "seconds": 311.9}
{"scored_training_groups": 10240, "pairs_scored": 327507, "seconds": 323.0}
{"scored_training_groups": 11264, "pairs_scored": 360125, "seconds": 334.5}
{"scored_training_groups": 12288, "pairs_scored": 391737, "seconds": 348.4}
{"scored_training_groups": 13312, "pairs_scored": 423336, "seconds": 362.1}
{"scored_training_groups": 14336, "pairs_scored": 455251, "seconds": 376.4}
{"scored_training_groups": 15360, "pairs_scored": 487068, "seconds": 391.8}
{"scored_training_groups": 16384, "pairs_scored": 518775, "seconds": 406.6}
{"scored_training_groups": 17408, "pairs_scored": 550713, "seconds": 421.5}
{"scored_training_groups": 18432, "pairs_scored": 582353, "seconds": 436.4}
{"scored_training_groups": 19456, "pairs_scored": 614265, "seconds": 451.6}
{"scored_training_groups": 20480, "pairs_scored": 645613, "seconds": 465.9}
{"scored_training_groups": 21504, "pairs_scored": 677451, "seconds": 480.0}
{"scored_training_groups": 22528, "pairs_scored": 709382, "seconds": 495.0}
{"scored_training_groups": 23552, "pairs_scored": 741014, "seconds": 509.9}
{"scored_training_groups": 24576, "pairs_scored": 772679, "seconds": 524.7}
{"scored_training_groups": 25600, "pairs_scored": 804682, "seconds": 539.4}
{"scored_training_groups": 26624, "pairs_scored": 837248, "seconds": 557.9}
{"scored_training_groups": 27648, "pairs_scored": 871324, "seconds": 578.5}
{"scored_training_groups": 28672, "pairs_scored": 905397, "seconds": 599.6}
{"scored_training_groups": 29696, "pairs_scored": 938800, "seconds": 621.0}
{"scored_training_groups": 30720, "pairs_scored": 971437, "seconds": 640.9}
{"scored_training_groups": 31744, "pairs_scored": 1000861, "seconds": 656.1}
{"scored_training_groups": 33454, "pairs_scored": 1041233, "seconds": 665.1}
{"completed": true, "groups": 33426, "seconds": 665.8}
